******************************************************************************
                  MSP430 Linker PC v4.2.1                      
******************************************************************************
>> Linked Mon Jun 10 23:11:57 2019

OUTPUT FILE NAME:   <Measure_Resist.out>
ENTRY POINT SYMBOL: "_c_int00"  address: 0000e414


MEMORY CONFIGURATION

         name            origin    length      used     unused   attr    fill
----------------------  --------  ---------  --------  --------  ----  --------
  SFR                   00000000   00000010  00000000  00000010  RWIX
  PERIPHERALS_8BIT      00000010   000000f0  00000000  000000f0  RWIX
  PERIPHERALS_16BIT     00000100   00000100  00000000  00000100  RWIX
  RAM                   00000200   00000200  0000006c  00000194  RWIX
  INFOD                 00001000   00000040  00000000  00000040  RWIX
  INFOC                 00001040   00000040  00000000  00000040  RWIX
  INFOB                 00001080   00000040  00000000  00000040  RWIX
  INFOA                 000010c0   00000040  00000000  00000040  RWIX
  FLASH                 0000c000   00003fe0  0000253a  00001aa6  RWIX
  INT00                 0000ffe0   00000002  00000000  00000002  RWIX
  INT01                 0000ffe2   00000002  00000000  00000002  RWIX
  INT02                 0000ffe4   00000002  00000002  00000000  RWIX
  INT03                 0000ffe6   00000002  00000002  00000000  RWIX
  INT04                 0000ffe8   00000002  00000000  00000002  RWIX
  INT05                 0000ffea   00000002  00000002  00000000  RWIX
  INT06                 0000ffec   00000002  00000002  00000000  RWIX
  INT07                 0000ffee   00000002  00000002  00000000  RWIX
  INT08                 0000fff0   00000002  00000002  00000000  RWIX
  INT09                 0000fff2   00000002  00000002  00000000  RWIX
  INT10                 0000fff4   00000002  00000002  00000000  RWIX
  INT11                 0000fff6   00000002  00000002  00000000  RWIX
  INT12                 0000fff8   00000002  00000002  00000000  RWIX
  INT13                 0000fffa   00000002  00000002  00000000  RWIX
  INT14                 0000fffc   00000002  00000002  00000000  RWIX
  RESET                 0000fffe   00000002  00000002  00000000  RWIX


SECTION ALLOCATION MAP

 output                                  attributes/
section   page    origin      length       input sections
--------  ----  ----------  ----------   ----------------
.init_array 
*          0    0000c000    00000000     UNINITIALIZED

.data      0    00000200    00000014     UNINITIALIZED
                  00000200    00000010     LCD_128.obj (.data:LCD_Buffer)
                  00000210    00000004     TCA6416A.obj (.data)

.TI.persistent 
*          0    00000200    00000000     UNINITIALIZED

.bss       0    00000214    00000008     UNINITIALIZED
                  00000214    00000004     (.common:RES)
                  00000218    00000004     (.common:Vin)

.TI.noinit 
*          0    00000214    00000000     UNINITIALIZED

.stack     0    000003b0    00000050     UNINITIALIZED
                  000003b0    00000002     rts430_eabi.lib : boot.obj (.stack)
                  000003b2    0000004e     --HOLE--

.text      0    0000c000    0000251c     
                  0000c000    0000053a     LCD_128.obj (.text:LCD_DisplayDigit)
                  0000c53a    0000045e     rts430_eabi.lib : frcdivd.obj (.text:__TI_frcdivd)
                  0000c998    0000034a     main.obj (.text:LCD_Display)
                  0000cce2    000002f8     rts430_eabi.lib : frcmpyd.obj (.text:__TI_frcmpyd)
                  0000cfda    000002e8                     : addd.obj (.text:__mspabi_addd)
                  0000d2c2    0000026e                     : frcaddd.obj (.text:__TI_frcaddd)
                  0000d530    00000256                     : mpyd.obj (.text:__mspabi_mpyd)
                  0000d786    00000238                     : divd.obj (.text:__mspabi_divd)
                  0000d9be    00000108     main.obj (.text:main)
                  0000dac6    000000e4     HT1621.obj (.text:HT1621_init)
                  0000dbaa    000000c0     rts430_eabi.lib : renormd.obj (.text:__TI_renormd)
                  0000dc6a    000000b4     TCA6416A.obj (.text:PinOUT)
                  0000dd1e    000000b0     rts430_eabi.lib : fltlid.obj (.text:__mspabi_fltlid)
                  0000ddce    00000088                     : fixdli.obj (.text:__mspabi_fixdli)
                  0000de56    00000082     HT1621.obj (.text:HT1621_Reflash)
                  0000ded8    0000006e     TCA6416A.obj (.text:TCA6416A_Init)
                  0000df46    0000005e     rts430_eabi.lib : copy_decompress_rle.obj (.text:__TI_decompress_rle_core)
                  0000dfa4    0000005e                     : autoinit.obj (.text:_auto_init)
                  0000e002    0000005c                     : lsr32.obj (.text:l_lsr_const)
                  0000e05e    00000058                     : div32u.obj (.text)
                  0000e0b6    00000056     I2C.obj (.text:Send_Char)
                  0000e10c    0000004c     rts430_eabi.lib : lsr16.obj (.text)
                  0000e158    00000040                     : div32s.obj (.text)
                  0000e198    0000003e                     : asr32.obj (.text:l_asr_const)
                  0000e1d6    0000003e                     : lsl32.obj (.text:l_lsl_const)
                  0000e214    0000003a     main.obj (.text:LCD_Init)
                  0000e24e    00000036     HT1621.obj (.text:HT1621_SendBit)
                  0000e284    00000036     I2C.obj (.text:I2C_TxFrame)
                  0000e2ba    0000002c     rts430_eabi.lib : asr16.obj (.text)
                  0000e2e6    0000002c                     : div16s.obj (.text)
                  0000e312    0000002c                     : lsl16.obj (.text)
                  0000e33e    00000028     main.obj (.text:ADC10_init)
                  0000e366    00000026     I2C.obj (.text:Start)
                  0000e38c    00000026     I2C.obj (.text:Stop)
                  0000e3b2    00000026     rts430_eabi.lib : mult32.obj (.text)
                  0000e3d8    0000001e     I2C.obj (.text:I2C_Init)
                  0000e3f6    0000001e     LCD_128.obj (.text:LCD_DisplaySeg)
                  0000e414    0000001a     rts430_eabi.lib : boot.obj (.text:_c_int00_noexit)
                  0000e42e    00000018     TCA6416A.obj (.text:TCA6416_Tx_Frame)
                  0000e446    00000016     rts430_eabi.lib : div16u.obj (.text)
                  0000e45c    00000014                     : copy_zero_init.obj (.text:decompress:ZI:__TI_zero_init)
                  0000e470    00000014                     : memset.obj (.text:memset)
                  0000e484    00000014                     : mult16.obj (.text)
                  0000e498    00000012                     : copy_decompress_none.obj (.text:decompress:none:__TI_decompress_none)
                  0000e4aa    00000012                     : lsr32.obj (.text:l_lsr)
                  0000e4bc    00000012                     : memcpy.obj (.text:memcpy)
                  0000e4ce    00000010                     : asr32.obj (.text:l_asr)
                  0000e4de    00000010                     : lsl32.obj (.text:l_lsl)
                  0000e4ee    00000010                     : epilog.obj (.text)
                  0000e4fe    00000008     main.obj (.text:ADC10_ISR)
                  0000e506    00000006     rts430_eabi.lib : isr_trap.obj (.text:__TI_ISR_TRAP)
                  0000e50c    00000006                     : copy_decompress_rle.obj (.text:decompress:rle24:__TI_decompress_rle24)
                  0000e512    00000004                     : pre_init.obj (.text:_system_pre_init)
                  0000e516    00000004                     : exit.obj (.text:abort)
                  0000e51a    00000002     I2C.obj (.text:I2C_Tx_Init)

.cinit     0    0000e51c    0000001e     
                  0000e51c    0000000b     (.cinit..data.load) [load image, compression = rle]
                  0000e527    00000001     --HOLE-- [fill = 0]
                  0000e528    00000006     (__TI_handler_table)
                  0000e52e    00000004     (.cinit..bss.load) [load image, compression = zero_init]
                  0000e532    00000008     (__TI_cinit_table)

PORT1      0    0000ffe4    00000002     
                  0000ffe4    00000002     rts430_eabi.lib : int02.obj (.int02)

PORT2      0    0000ffe6    00000002     
                  0000ffe6    00000002     rts430_eabi.lib : int03.obj (.int03)

ADC10      0    0000ffea    00000002     
                  0000ffea    00000002     main.obj (.int05)

USCIAB0TX 
*          0    0000ffec    00000002     
                  0000ffec    00000002     rts430_eabi.lib : int06.obj (.int06)

USCIAB0RX 
*          0    0000ffee    00000002     
                  0000ffee    00000002     rts430_eabi.lib : int07.obj (.int07)

TIMER0_A1 
*          0    0000fff0    00000002     
                  0000fff0    00000002     rts430_eabi.lib : int08.obj (.int08)

TIMER0_A0 
*          0    0000fff2    00000002     
                  0000fff2    00000002     rts430_eabi.lib : int09.obj (.int09)

WDT        0    0000fff4    00000002     
                  0000fff4    00000002     rts430_eabi.lib : int10.obj (.int10)

COMPARATORA 
*          0    0000fff6    00000002     
                  0000fff6    00000002     rts430_eabi.lib : int11.obj (.int11)

TIMER1_A1 
*          0    0000fff8    00000002     
                  0000fff8    00000002     rts430_eabi.lib : int12.obj (.int12)

TIMER1_A0 
*          0    0000fffa    00000002     
                  0000fffa    00000002     rts430_eabi.lib : int13.obj (.int13)

NMI        0    0000fffc    00000002     
                  0000fffc    00000002     rts430_eabi.lib : int14.obj (.int14)

.reset     0    0000fffe    00000002     
                  0000fffe    00000002     rts430_eabi.lib : boot.obj (.reset)


LINKER GENERATED COPY TABLES

__TI_cinit_table @ 0000e532 records: 2, size/record: 4, table size: 8
	.data: load addr=0000e51c, load size=0000000b bytes, run addr=00000200, run size=00000014 bytes, compression=rle
	.bss: load addr=0000e52e, load size=00000004 bytes, run addr=00000214, run size=00000008 bytes, compression=zero_init


LINKER GENERATED HANDLER TABLE

__TI_handler_table @ 0000e528 records: 3, size/record: 2, table size: 6
	index: 0, handler: __TI_zero_init
	index: 1, handler: __TI_decompress_rle24
	index: 2, handler: __TI_decompress_none


GLOBAL SYMBOLS: SORTED ALPHABETICALLY BY Name 

address    name
--------   ----
0000004a   ADC10AE0
000001b0   ADC10CTL0
000001b2   ADC10CTL1
00000048   ADC10DTC0
00000049   ADC10DTC1
000001b4   ADC10MEM
000001bc   ADC10SA
0000e4fe   ADC10_ISR
0000e33e   ADC10_init
00000057   BCSCTL1
00000058   BCSCTL2
00000053   BCSCTL3
0000e516   C$$EXIT
00000059   CACTL1
0000005a   CACTL2
000010fb   CALBC1_12MHZ
000010f9   CALBC1_16MHZ
000010ff   CALBC1_1MHZ
000010fd   CALBC1_8MHZ
000010fa   CALDCO_12MHZ
000010f8   CALDCO_16MHZ
000010fe   CALDCO_1MHZ
000010fc   CALDCO_8MHZ
0000005b   CAPD
00000056   DCOCTL
00000128   FCTL1
0000012a   FCTL2
0000012c   FCTL3
0000de56   HT1621_Reflash
0000e24e   HT1621_SendBit
0000dac6   HT1621_init
0000e3d8   I2C_Init
0000e284   I2C_TxFrame
0000e51a   I2C_Tx_Init
00000000   IE1
00000001   IE2
00000002   IFG1
00000003   IFG2
00000200   LCD_Buffer
0000c998   LCD_Display
0000c000   LCD_DisplayDigit
0000e3f6   LCD_DisplaySeg
0000e214   LCD_Init
00000022   P1DIR
00000025   P1IE
00000024   P1IES
00000023   P1IFG
00000020   P1IN
00000021   P1OUT
00000027   P1REN
00000026   P1SEL
00000041   P1SEL2
0000002a   P2DIR
0000002d   P2IE
0000002c   P2IES
0000002b   P2IFG
00000028   P2IN
00000029   P2OUT
0000002f   P2REN
0000002e   P2SEL
00000042   P2SEL2
0000001a   P3DIR
00000018   P3IN
00000019   P3OUT
00000010   P3REN
0000001b   P3SEL
00000043   P3SEL2
0000dc6a   PinOUT
00000214   RES
0000e0b6   Send_Char
0000e366   Start
0000e38c   Stop
00000172   TA0CCR0
00000174   TA0CCR1
00000176   TA0CCR2
00000162   TA0CCTL0
00000164   TA0CCTL1
00000166   TA0CCTL2
00000160   TA0CTL
0000012e   TA0IV
00000170   TA0R
00000192   TA1CCR0
00000194   TA1CCR1
00000196   TA1CCR2
00000182   TA1CCTL0
00000184   TA1CCTL1
00000186   TA1CCTL2
00000180   TA1CTL
0000011e   TA1IV
00000190   TA1R
0000ded8   TCA6416A_Init
00000210   TCA6416A_InputBuffer
0000e42e   TCA6416_Tx_Frame
0000005d   UCA0ABCTL
00000062   UCA0BR0
00000063   UCA0BR1
00000060   UCA0CTL0
00000061   UCA0CTL1
0000005f   UCA0IRRCTL
0000005e   UCA0IRTCTL
00000064   UCA0MCTL
00000066   UCA0RXBUF
00000065   UCA0STAT
00000067   UCA0TXBUF
0000006a   UCB0BR0
0000006b   UCB0BR1
00000068   UCB0CTL0
00000069   UCB0CTL1
0000006c   UCB0I2CIE
00000118   UCB0I2COA
0000011a   UCB0I2CSA
0000006e   UCB0RXBUF
0000006d   UCB0STAT
0000006f   UCB0TXBUF
00000218   Vin
00000120   WDTCTL
00000400   __STACK_END
00000050   __STACK_SIZE
0000e532   __TI_CINIT_Base
0000e53a   __TI_CINIT_Limit
0000e528   __TI_Handler_Table_Base
0000e52e   __TI_Handler_Table_Limit
UNDEFED    __TI_INITARRAY_Base
UNDEFED    __TI_INITARRAY_Limit
0000e506   __TI_ISR_TRAP
00000001   __TI_args_main
0000e498   __TI_decompress_none
0000e50c   __TI_decompress_rle24
00000001   __TI_exit
0000d2c2   __TI_frcaddd
0000c53a   __TI_frcdivd
0000cce2   __TI_frcmpyd
0000ffe4   __TI_int02
0000ffe6   __TI_int03
0000ffea   __TI_int05
0000ffec   __TI_int06
0000ffee   __TI_int07
0000fff0   __TI_int08
0000fff2   __TI_int09
0000fff4   __TI_int10
0000fff6   __TI_int11
0000fff8   __TI_int12
0000fffa   __TI_int13
0000fffc   __TI_int14
0000dbaa   __TI_renormd
0000e45c   __TI_zero_init
ffffffff   __binit__
ffffffff   __c_args__
0000cfda   __mspabi_addd
0000d786   __mspabi_divd
0000e2e6   __mspabi_divi
0000e158   __mspabi_divli
0000e446   __mspabi_divu
0000e05e   __mspabi_divul
0000ddce   __mspabi_fixdli
0000dd1e   __mspabi_fltlid
0000e4fa   __mspabi_func_epilog_1
0000e4f8   __mspabi_func_epilog_2
0000e4f6   __mspabi_func_epilog_3
0000e4f4   __mspabi_func_epilog_4
0000e4f2   __mspabi_func_epilog_5
0000e4f0   __mspabi_func_epilog_6
0000e4ee   __mspabi_func_epilog_7
0000d530   __mspabi_mpyd
0000e484   __mspabi_mpyi
0000e3b2   __mspabi_mpyl
0000e2e6   __mspabi_remi
0000e158   __mspabi_remli
0000e446   __mspabi_remu
0000e05e   __mspabi_remul
0000e312   __mspabi_slli
0000e33a   __mspabi_slli_1
0000e328   __mspabi_slli_10
0000e326   __mspabi_slli_11
0000e324   __mspabi_slli_12
0000e322   __mspabi_slli_13
0000e320   __mspabi_slli_14
0000e31e   __mspabi_slli_15
0000e338   __mspabi_slli_2
0000e336   __mspabi_slli_3
0000e334   __mspabi_slli_4
0000e332   __mspabi_slli_5
0000e330   __mspabi_slli_6
0000e32e   __mspabi_slli_7
0000e32c   __mspabi_slli_8
0000e32a   __mspabi_slli_9
0000e4de   __mspabi_slll
0000e20e   __mspabi_slll_1
0000e1ea   __mspabi_slll_10
0000e1e6   __mspabi_slll_11
0000e1e2   __mspabi_slll_12
0000e1de   __mspabi_slll_13
0000e1da   __mspabi_slll_14
0000e1d6   __mspabi_slll_15
0000e20a   __mspabi_slll_2
0000e206   __mspabi_slll_3
0000e202   __mspabi_slll_4
0000e1fe   __mspabi_slll_5
0000e1fa   __mspabi_slll_6
0000e1f6   __mspabi_slll_7
0000e1f2   __mspabi_slll_8
0000e1ee   __mspabi_slll_9
0000e2ba   __mspabi_srai
0000e2e2   __mspabi_srai_1
0000e2d0   __mspabi_srai_10
0000e2ce   __mspabi_srai_11
0000e2cc   __mspabi_srai_12
0000e2ca   __mspabi_srai_13
0000e2c8   __mspabi_srai_14
0000e2c6   __mspabi_srai_15
0000e2e0   __mspabi_srai_2
0000e2de   __mspabi_srai_3
0000e2dc   __mspabi_srai_4
0000e2da   __mspabi_srai_5
0000e2d8   __mspabi_srai_6
0000e2d6   __mspabi_srai_7
0000e2d4   __mspabi_srai_8
0000e2d2   __mspabi_srai_9
0000e4ce   __mspabi_sral
0000e1d0   __mspabi_sral_1
0000e1ac   __mspabi_sral_10
0000e1a8   __mspabi_sral_11
0000e1a4   __mspabi_sral_12
0000e1a0   __mspabi_sral_13
0000e19c   __mspabi_sral_14
0000e198   __mspabi_sral_15
0000e1cc   __mspabi_sral_2
0000e1c8   __mspabi_sral_3
0000e1c4   __mspabi_sral_4
0000e1c0   __mspabi_sral_5
0000e1bc   __mspabi_sral_6
0000e1b8   __mspabi_sral_7
0000e1b4   __mspabi_sral_8
0000e1b0   __mspabi_sral_9
0000e10c   __mspabi_srli
0000e152   __mspabi_srli_1
0000e12e   __mspabi_srli_10
0000e12a   __mspabi_srli_11
0000e126   __mspabi_srli_12
0000e122   __mspabi_srli_13
0000e11e   __mspabi_srli_14
0000e11a   __mspabi_srli_15
0000e14e   __mspabi_srli_2
0000e14a   __mspabi_srli_3
0000e146   __mspabi_srli_4
0000e142   __mspabi_srli_5
0000e13e   __mspabi_srli_6
0000e13a   __mspabi_srli_7
0000e136   __mspabi_srli_8
0000e132   __mspabi_srli_9
0000e4aa   __mspabi_srll
0000e056   __mspabi_srll_1
0000e020   __mspabi_srll_10
0000e01a   __mspabi_srll_11
0000e014   __mspabi_srll_12
0000e00e   __mspabi_srll_13
0000e008   __mspabi_srll_14
0000e002   __mspabi_srll_15
0000e050   __mspabi_srll_2
0000e04a   __mspabi_srll_3
0000e044   __mspabi_srll_4
0000e03e   __mspabi_srll_5
0000e038   __mspabi_srll_6
0000e032   __mspabi_srll_7
0000e02c   __mspabi_srll_8
0000e026   __mspabi_srll_9
0000dfa4   _auto_init
0000e414   _c_int00
0000e414   _c_int00_noexit
0000fffe   _reset_vector
000003b0   _stack
0000e512   _system_pre_init
0000e516   abort
ffffffff   binit
0000d9be   main
0000e4bc   memcpy
0000e470   memset


GLOBAL SYMBOLS: SORTED BY Symbol Address 

address    name
--------   ----
00000000   IE1
00000001   IE2
00000001   __TI_args_main
00000001   __TI_exit
00000002   IFG1
00000003   IFG2
00000010   P3REN
00000018   P3IN
00000019   P3OUT
0000001a   P3DIR
0000001b   P3SEL
00000020   P1IN
00000021   P1OUT
00000022   P1DIR
00000023   P1IFG
00000024   P1IES
00000025   P1IE
00000026   P1SEL
00000027   P1REN
00000028   P2IN
00000029   P2OUT
0000002a   P2DIR
0000002b   P2IFG
0000002c   P2IES
0000002d   P2IE
0000002e   P2SEL
0000002f   P2REN
00000041   P1SEL2
00000042   P2SEL2
00000043   P3SEL2
00000048   ADC10DTC0
00000049   ADC10DTC1
0000004a   ADC10AE0
00000050   __STACK_SIZE
00000053   BCSCTL3
00000056   DCOCTL
00000057   BCSCTL1
00000058   BCSCTL2
00000059   CACTL1
0000005a   CACTL2
0000005b   CAPD
0000005d   UCA0ABCTL
0000005e   UCA0IRTCTL
0000005f   UCA0IRRCTL
00000060   UCA0CTL0
00000061   UCA0CTL1
00000062   UCA0BR0
00000063   UCA0BR1
00000064   UCA0MCTL
00000065   UCA0STAT
00000066   UCA0RXBUF
00000067   UCA0TXBUF
00000068   UCB0CTL0
00000069   UCB0CTL1
0000006a   UCB0BR0
0000006b   UCB0BR1
0000006c   UCB0I2CIE
0000006d   UCB0STAT
0000006e   UCB0RXBUF
0000006f   UCB0TXBUF
00000118   UCB0I2COA
0000011a   UCB0I2CSA
0000011e   TA1IV
00000120   WDTCTL
00000128   FCTL1
0000012a   FCTL2
0000012c   FCTL3
0000012e   TA0IV
00000160   TA0CTL
00000162   TA0CCTL0
00000164   TA0CCTL1
00000166   TA0CCTL2
00000170   TA0R
00000172   TA0CCR0
00000174   TA0CCR1
00000176   TA0CCR2
00000180   TA1CTL
00000182   TA1CCTL0
00000184   TA1CCTL1
00000186   TA1CCTL2
00000190   TA1R
00000192   TA1CCR0
00000194   TA1CCR1
00000196   TA1CCR2
000001b0   ADC10CTL0
000001b2   ADC10CTL1
000001b4   ADC10MEM
000001bc   ADC10SA
00000200   LCD_Buffer
00000210   TCA6416A_InputBuffer
00000214   RES
00000218   Vin
000003b0   _stack
00000400   __STACK_END
000010f8   CALDCO_16MHZ
000010f9   CALBC1_16MHZ
000010fa   CALDCO_12MHZ
000010fb   CALBC1_12MHZ
000010fc   CALDCO_8MHZ
000010fd   CALBC1_8MHZ
000010fe   CALDCO_1MHZ
000010ff   CALBC1_1MHZ
0000c000   LCD_DisplayDigit
0000c53a   __TI_frcdivd
0000c998   LCD_Display
0000cce2   __TI_frcmpyd
0000cfda   __mspabi_addd
0000d2c2   __TI_frcaddd
0000d530   __mspabi_mpyd
0000d786   __mspabi_divd
0000d9be   main
0000dac6   HT1621_init
0000dbaa   __TI_renormd
0000dc6a   PinOUT
0000dd1e   __mspabi_fltlid
0000ddce   __mspabi_fixdli
0000de56   HT1621_Reflash
0000ded8   TCA6416A_Init
0000dfa4   _auto_init
0000e002   __mspabi_srll_15
0000e008   __mspabi_srll_14
0000e00e   __mspabi_srll_13
0000e014   __mspabi_srll_12
0000e01a   __mspabi_srll_11
0000e020   __mspabi_srll_10
0000e026   __mspabi_srll_9
0000e02c   __mspabi_srll_8
0000e032   __mspabi_srll_7
0000e038   __mspabi_srll_6
0000e03e   __mspabi_srll_5
0000e044   __mspabi_srll_4
0000e04a   __mspabi_srll_3
0000e050   __mspabi_srll_2
0000e056   __mspabi_srll_1
0000e05e   __mspabi_divul
0000e05e   __mspabi_remul
0000e0b6   Send_Char
0000e10c   __mspabi_srli
0000e11a   __mspabi_srli_15
0000e11e   __mspabi_srli_14
0000e122   __mspabi_srli_13
0000e126   __mspabi_srli_12
0000e12a   __mspabi_srli_11
0000e12e   __mspabi_srli_10
0000e132   __mspabi_srli_9
0000e136   __mspabi_srli_8
0000e13a   __mspabi_srli_7
0000e13e   __mspabi_srli_6
0000e142   __mspabi_srli_5
0000e146   __mspabi_srli_4
0000e14a   __mspabi_srli_3
0000e14e   __mspabi_srli_2
0000e152   __mspabi_srli_1
0000e158   __mspabi_divli
0000e158   __mspabi_remli
0000e198   __mspabi_sral_15
0000e19c   __mspabi_sral_14
0000e1a0   __mspabi_sral_13
0000e1a4   __mspabi_sral_12
0000e1a8   __mspabi_sral_11
0000e1ac   __mspabi_sral_10
0000e1b0   __mspabi_sral_9
0000e1b4   __mspabi_sral_8
0000e1b8   __mspabi_sral_7
0000e1bc   __mspabi_sral_6
0000e1c0   __mspabi_sral_5
0000e1c4   __mspabi_sral_4
0000e1c8   __mspabi_sral_3
0000e1cc   __mspabi_sral_2
0000e1d0   __mspabi_sral_1
0000e1d6   __mspabi_slll_15
0000e1da   __mspabi_slll_14
0000e1de   __mspabi_slll_13
0000e1e2   __mspabi_slll_12
0000e1e6   __mspabi_slll_11
0000e1ea   __mspabi_slll_10
0000e1ee   __mspabi_slll_9
0000e1f2   __mspabi_slll_8
0000e1f6   __mspabi_slll_7
0000e1fa   __mspabi_slll_6
0000e1fe   __mspabi_slll_5
0000e202   __mspabi_slll_4
0000e206   __mspabi_slll_3
0000e20a   __mspabi_slll_2
0000e20e   __mspabi_slll_1
0000e214   LCD_Init
0000e24e   HT1621_SendBit
0000e284   I2C_TxFrame
0000e2ba   __mspabi_srai
0000e2c6   __mspabi_srai_15
0000e2c8   __mspabi_srai_14
0000e2ca   __mspabi_srai_13
0000e2cc   __mspabi_srai_12
0000e2ce   __mspabi_srai_11
0000e2d0   __mspabi_srai_10
0000e2d2   __mspabi_srai_9
0000e2d4   __mspabi_srai_8
0000e2d6   __mspabi_srai_7
0000e2d8   __mspabi_srai_6
0000e2da   __mspabi_srai_5
0000e2dc   __mspabi_srai_4
0000e2de   __mspabi_srai_3
0000e2e0   __mspabi_srai_2
0000e2e2   __mspabi_srai_1
0000e2e6   __mspabi_divi
0000e2e6   __mspabi_remi
0000e312   __mspabi_slli
0000e31e   __mspabi_slli_15
0000e320   __mspabi_slli_14
0000e322   __mspabi_slli_13
0000e324   __mspabi_slli_12
0000e326   __mspabi_slli_11
0000e328   __mspabi_slli_10
0000e32a   __mspabi_slli_9
0000e32c   __mspabi_slli_8
0000e32e   __mspabi_slli_7
0000e330   __mspabi_slli_6
0000e332   __mspabi_slli_5
0000e334   __mspabi_slli_4
0000e336   __mspabi_slli_3
0000e338   __mspabi_slli_2
0000e33a   __mspabi_slli_1
0000e33e   ADC10_init
0000e366   Start
0000e38c   Stop
0000e3b2   __mspabi_mpyl
0000e3d8   I2C_Init
0000e3f6   LCD_DisplaySeg
0000e414   _c_int00
0000e414   _c_int00_noexit
0000e42e   TCA6416_Tx_Frame
0000e446   __mspabi_divu
0000e446   __mspabi_remu
0000e45c   __TI_zero_init
0000e470   memset
0000e484   __mspabi_mpyi
0000e498   __TI_decompress_none
0000e4aa   __mspabi_srll
0000e4bc   memcpy
0000e4ce   __mspabi_sral
0000e4de   __mspabi_slll
0000e4ee   __mspabi_func_epilog_7
0000e4f0   __mspabi_func_epilog_6
0000e4f2   __mspabi_func_epilog_5
0000e4f4   __mspabi_func_epilog_4
0000e4f6   __mspabi_func_epilog_3
0000e4f8   __mspabi_func_epilog_2
0000e4fa   __mspabi_func_epilog_1
0000e4fe   ADC10_ISR
0000e506   __TI_ISR_TRAP
0000e50c   __TI_decompress_rle24
0000e512   _system_pre_init
0000e516   C$$EXIT
0000e516   abort
0000e51a   I2C_Tx_Init
0000e528   __TI_Handler_Table_Base
0000e52e   __TI_Handler_Table_Limit
0000e532   __TI_CINIT_Base
0000e53a   __TI_CINIT_Limit
0000ffe4   __TI_int02
0000ffe6   __TI_int03
0000ffea   __TI_int05
0000ffec   __TI_int06
0000ffee   __TI_int07
0000fff0   __TI_int08
0000fff2   __TI_int09
0000fff4   __TI_int10
0000fff6   __TI_int11
0000fff8   __TI_int12
0000fffa   __TI_int13
0000fffc   __TI_int14
0000fffe   _reset_vector
ffffffff   __binit__
ffffffff   __c_args__
ffffffff   binit
UNDEFED    __TI_INITARRAY_Base
UNDEFED    __TI_INITARRAY_Limit

[277 symbols]
